Looking in links: /root/private_data/prvc/SCNET_REPAIR_V13_LR100_AB_20261005/wheels
Processing /root/private_data/prvc/SCNET_REPAIR_V13_LR100_AB_20261005/wheels/yacs-0.1.8-py3-none-any.whl (from -r /root/private_data/prvc/SCNET_REPAIR_V13_LR100_AB_20261005/requirements-lock.txt (line 1))
Processing /root/private_data/prvc/SCNET_REPAIR_V13_LR100_AB_20261005/wheels/pyyaml-6.0.3-cp312-cp312-manylinux2014_x86_64.manylinux_2_17_x86_64.manylinux_2_28_x86_64.whl (from -r /root/private_data/prvc/SCNET_REPAIR_V13_LR100_AB_20261005/requirements-lock.txt (line 2))
Processing /root/private_data/prvc/SCNET_REPAIR_V13_LR100_AB_20261005/wheels/timm-1.0.27-py3-none-any.whl (from -r /root/private_data/prvc/SCNET_REPAIR_V13_LR100_AB_20261005/requirements-lock.txt (line 3))
Processing /root/private_data/prvc/SCNET_REPAIR_V13_LR100_AB_20261005/wheels/ftfy-6.3.1-py3-none-any.whl (from -r /root/private_data/prvc/SCNET_REPAIR_V13_LR100_AB_20261005/requirements-lock.txt (line 4))
Processing /root/private_data/prvc/SCNET_REPAIR_V13_LR100_AB_20261005/wheels/regex-2026.9.10-cp312-cp312-manylinux2014_x86_64.manylinux_2_17_x86_64.manylinux_2_28_x86_64.whl (from -r /root/private_data/prvc/SCNET_REPAIR_V13_LR100_AB_20261005/requirements-lock.txt (line 5))
Processing /root/private_data/prvc/SCNET_REPAIR_V13_LR100_AB_20261005/wheels/wcwidth-0.2.13-py2.py3-none-any.whl (from -r /root/private_data/prvc/SCNET_REPAIR_V13_LR100_AB_20261005/requirements-lock.txt (line 6))
Processing /root/private_data/prvc/SCNET_REPAIR_V13_LR100_AB_20261005/wheels/tqdm-4.70.1-py3-none-any.whl (from -r /root/private_data/prvc/SCNET_REPAIR_V13_LR100_AB_20261005/requirements-lock.txt (line 7))
Processing /root/private_data/prvc/SCNET_REPAIR_V13_LR100_AB_20261005/wheels/huggingface_hub-0.27.1-py3-none-any.whl (from -r /root/private_data/prvc/SCNET_REPAIR_V13_LR100_AB_20261005/requirements-lock.txt (line 8))
Processing /root/private_data/prvc/SCNET_REPAIR_V13_LR100_AB_20261005/wheels/safetensors-0.5.2-cp38-abi3-manylinux_2_17_x86_64.manylinux2014_x86_64.whl (from -r /root/private_data/prvc/SCNET_REPAIR_V13_LR100_AB_20261005/requirements-lock.txt (line 9))
Processing /root/private_data/prvc/SCNET_REPAIR_V13_LR100_AB_20261005/wheels/filelock-3.16.1-py3-none-any.whl (from -r /root/private_data/prvc/SCNET_REPAIR_V13_LR100_AB_20261005/requirements-lock.txt (line 10))
Processing /root/private_data/prvc/SCNET_REPAIR_V13_LR100_AB_20261005/wheels/fsspec-2024.12.0-py3-none-any.whl (from -r /root/private_data/prvc/SCNET_REPAIR_V13_LR100_AB_20261005/requirements-lock.txt (line 11))
Processing /root/private_data/prvc/SCNET_REPAIR_V13_LR100_AB_20261005/wheels/packaging-24.2-py3-none-any.whl (from -r /root/private_data/prvc/SCNET_REPAIR_V13_LR100_AB_20261005/requirements-lock.txt (line 12))
Processing /root/private_data/prvc/SCNET_REPAIR_V13_LR100_AB_20261005/wheels/requests-2.32.3-py3-none-any.whl (from -r /root/private_data/prvc/SCNET_REPAIR_V13_LR100_AB_20261005/requirements-lock.txt (line 13))
Processing /root/private_data/prvc/SCNET_REPAIR_V13_LR100_AB_20261005/wheels/typing_extensions-4.12.2-py3-none-any.whl (from -r /root/private_data/prvc/SCNET_REPAIR_V13_LR100_AB_20261005/requirements-lock.txt (line 14))
Processing /root/private_data/prvc/SCNET_REPAIR_V13_LR100_AB_20261005/wheels/urllib3-2.3.0-py3-none-any.whl (from -r /root/private_data/prvc/SCNET_REPAIR_V13_LR100_AB_20261005/requirements-lock.txt (line 15))
Processing /root/private_data/prvc/SCNET_REPAIR_V13_LR100_AB_20261005/wheels/charset_normalizer-3.4.1-cp312-cp312-manylinux_2_17_x86_64.manylinux2014_x86_64.whl (from -r /root/private_data/prvc/SCNET_REPAIR_V13_LR100_AB_20261005/requirements-lock.txt (line 16))
Processing /root/private_data/prvc/SCNET_REPAIR_V13_LR100_AB_20261005/wheels/idna-3.10-py3-none-any.whl (from -r /root/private_data/prvc/SCNET_REPAIR_V13_LR100_AB_20261005/requirements-lock.txt (line 17))
Processing /root/private_data/prvc/SCNET_REPAIR_V13_LR100_AB_20261005/wheels/certifi-2025.1.31-py3-none-any.whl (from -r /root/private_data/prvc/SCNET_REPAIR_V13_LR100_AB_20261005/requirements-lock.txt (line 18))
Processing /root/private_data/prvc/SCNET_REPAIR_V13_LR100_AB_20261005/wheels/numpy-1.26.4-cp312-cp312-manylinux_2_17_x86_64.manylinux2014_x86_64.whl (from -r /root/private_data/prvc/SCNET_REPAIR_V13_LR100_AB_20261005/requirements-lock.txt (line 19))
Processing /root/private_data/prvc/SCNET_REPAIR_V13_LR100_AB_20261005/wheels/pillow-12.3.0-cp312-cp312-manylinux_2_27_x86_64.manylinux_2_28_x86_64.whl (from -r /root/private_data/prvc/SCNET_REPAIR_V13_LR100_AB_20261005/requirements-lock.txt (line 20))
Processing /root/private_data/prvc/SCNET_REPAIR_V13_LR100_AB_20261005/wheels/colorama-0.4.6-py2.py3-none-any.whl (from -r /root/private_data/prvc/SCNET_REPAIR_V13_LR100_AB_20261005/requirements-lock.txt (line 21))
Installing collected packages: yacs, wcwidth, urllib3, typing-extensions, tqdm, timm, safetensors, requests, regex, PyYAML, Pillow, packaging, numpy, idna, huggingface-hub, ftfy, fsspec, filelock, colorama, charset-normalizer, certifi

Successfully installed Pillow-12.3.0 PyYAML-6.0.3 certifi-2025.1.31 charset-normalizer-3.4.1 colorama-0.4.6 filelock-3.16.1 fsspec-2024.12.0 ftfy-6.3.1 huggingface-hub-0.27.1 idna-3.10 numpy-1.26.4 packaging-24.2 regex-2026.9.10 requests-2.32.3 safetensors-0.5.2 timm-1.0.27 tqdm-4.70.1 typing-extensions-4.12.2 urllib3-2.3.0 wcwidth-0.2.13 yacs-0.1.8
WARNING: Running pip as the 'root' user can result in broken permissions and conflicting behaviour with the system package manager, possibly rendering your system unusable. It is recommended to use a virtual environment instead: https://pip.pypa.io/warnings/venv. Use the --root-user-action option if you know what you are doing and want to suppress this warning.
